
Discarded input sections

 .text          0x0000000000000000        0x0 /var/folders/ph/rd4h23bd74b37mz4j8ddl6l40000gp/T//ccQDrg5f.ltrans0.ltrans.o
 .data          0x0000000000000000        0x0 /var/folders/ph/rd4h23bd74b37mz4j8ddl6l40000gp/T//ccQDrg5f.ltrans0.ltrans.o
 .bss           0x0000000000000000        0x0 /var/folders/ph/rd4h23bd74b37mz4j8ddl6l40000gp/T//ccQDrg5f.ltrans0.ltrans.o
 .text.mini_pad
                0x0000000000000000       0x86 /var/folders/ph/rd4h23bd74b37mz4j8ddl6l40000gp/T//ccQDrg5f.ltrans0.ltrans.o
 .text._puts    0x0000000000000000       0x42 /var/folders/ph/rd4h23bd74b37mz4j8ddl6l40000gp/T//ccQDrg5f.ltrans0.ltrans.o
 .text.mini_itoa.part.0
                0x0000000000000000       0x8e /var/folders/ph/rd4h23bd74b37mz4j8ddl6l40000gp/T//ccQDrg5f.ltrans0.ltrans.o
 .text.internal_handle_input.constprop.0
                0x0000000000000000        0xa /var/folders/ph/rd4h23bd74b37mz4j8ddl6l40000gp/T//ccQDrg5f.ltrans0.ltrans.o
 .text._write.constprop.0
                0x0000000000000000      0x100 /var/folders/ph/rd4h23bd74b37mz4j8ddl6l40000gp/T//ccQDrg5f.ltrans0.ltrans.o
 .text.__puts_uart
                0x0000000000000000       0x1a /var/folders/ph/rd4h23bd74b37mz4j8ddl6l40000gp/T//ccQDrg5f.ltrans0.ltrans.o
 .text.strlen   0x0000000000000000       0x12 /var/folders/ph/rd4h23bd74b37mz4j8ddl6l40000gp/T//ccQDrg5f.ltrans0.ltrans.o
 .text.mini_vpprintf
                0x0000000000000000      0x1e8 /var/folders/ph/rd4h23bd74b37mz4j8ddl6l40000gp/T//ccQDrg5f.ltrans0.ltrans.o
 .text.printf   0x0000000000000000       0x30 /var/folders/ph/rd4h23bd74b37mz4j8ddl6l40000gp/T//ccQDrg5f.ltrans0.ltrans.o
 .text.vprintf  0x0000000000000000       0x16 /var/folders/ph/rd4h23bd74b37mz4j8ddl6l40000gp/T//ccQDrg5f.ltrans0.ltrans.o
 .text.mini_vsnprintf
                0x0000000000000000       0x44 /var/folders/ph/rd4h23bd74b37mz4j8ddl6l40000gp/T//ccQDrg5f.ltrans0.ltrans.o
 .text.snprintf
                0x0000000000000000       0x20 /var/folders/ph/rd4h23bd74b37mz4j8ddl6l40000gp/T//ccQDrg5f.ltrans0.ltrans.o
 .text.sprintf  0x0000000000000000       0x2a /var/folders/ph/rd4h23bd74b37mz4j8ddl6l40000gp/T//ccQDrg5f.ltrans0.ltrans.o
 .text.memset   0x0000000000000000       0x12 /var/folders/ph/rd4h23bd74b37mz4j8ddl6l40000gp/T//ccQDrg5f.ltrans0.ltrans.o
 .text.strcpy   0x0000000000000000       0x14 /var/folders/ph/rd4h23bd74b37mz4j8ddl6l40000gp/T//ccQDrg5f.ltrans0.ltrans.o
 .text.strncpy  0x0000000000000000       0x1c /var/folders/ph/rd4h23bd74b37mz4j8ddl6l40000gp/T//ccQDrg5f.ltrans0.ltrans.o
 .text.strcmp   0x0000000000000000       0x1a /var/folders/ph/rd4h23bd74b37mz4j8ddl6l40000gp/T//ccQDrg5f.ltrans0.ltrans.o
 .text.strncmp  0x0000000000000000       0x2e /var/folders/ph/rd4h23bd74b37mz4j8ddl6l40000gp/T//ccQDrg5f.ltrans0.ltrans.o
 .text.strchr   0x0000000000000000       0x16 /var/folders/ph/rd4h23bd74b37mz4j8ddl6l40000gp/T//ccQDrg5f.ltrans0.ltrans.o
 .text.strrchr  0x0000000000000000       0x3c /var/folders/ph/rd4h23bd74b37mz4j8ddl6l40000gp/T//ccQDrg5f.ltrans0.ltrans.o
 .text.memcpy   0x0000000000000000       0x1c /var/folders/ph/rd4h23bd74b37mz4j8ddl6l40000gp/T//ccQDrg5f.ltrans0.ltrans.o
 .text.memcmp   0x0000000000000000       0x20 /var/folders/ph/rd4h23bd74b37mz4j8ddl6l40000gp/T//ccQDrg5f.ltrans0.ltrans.o
 .text.memmove  0x0000000000000000       0x5e /var/folders/ph/rd4h23bd74b37mz4j8ddl6l40000gp/T//ccQDrg5f.ltrans0.ltrans.o
 .text.memchr   0x0000000000000000       0x1a /var/folders/ph/rd4h23bd74b37mz4j8ddl6l40000gp/T//ccQDrg5f.ltrans0.ltrans.o
 .text.strnlen  0x0000000000000000       0x2a /var/folders/ph/rd4h23bd74b37mz4j8ddl6l40000gp/T//ccQDrg5f.ltrans0.ltrans.o
 .text.twoway_strstr
                0x0000000000000000      0x258 /var/folders/ph/rd4h23bd74b37mz4j8ddl6l40000gp/T//ccQDrg5f.ltrans0.ltrans.o
 .text.strstr   0x0000000000000000      0x12e /var/folders/ph/rd4h23bd74b37mz4j8ddl6l40000gp/T//ccQDrg5f.ltrans0.ltrans.o
 .rodata.puts.str1.4
                0x0000000000000000        0x2 /var/folders/ph/rd4h23bd74b37mz4j8ddl6l40000gp/T//ccQDrg5f.ltrans0.ltrans.o
 .text.puts     0x0000000000000000       0x40 /var/folders/ph/rd4h23bd74b37mz4j8ddl6l40000gp/T//ccQDrg5f.ltrans0.ltrans.o
 .text.setjmp   0x0000000000000000       0x38 /var/folders/ph/rd4h23bd74b37mz4j8ddl6l40000gp/T//ccQDrg5f.ltrans0.ltrans.o
 .text.longjmp  0x0000000000000000       0x3c /var/folders/ph/rd4h23bd74b37mz4j8ddl6l40000gp/T//ccQDrg5f.ltrans0.ltrans.o
 .text.putchar  0x0000000000000000       0x70 /var/folders/ph/rd4h23bd74b37mz4j8ddl6l40000gp/T//ccQDrg5f.ltrans0.ltrans.o
 .text.SystemInit
                0x0000000000000000       0x76 /var/folders/ph/rd4h23bd74b37mz4j8ddl6l40000gp/T//ccQDrg5f.ltrans0.ltrans.o
 .comment       0x0000000000000000       0x33 /var/folders/ph/rd4h23bd74b37mz4j8ddl6l40000gp/T//ccQDrg5f.ltrans0.ltrans.o
 .comment       0x0000000000000000       0x33 /var/folders/ph/rd4h23bd74b37mz4j8ddl6l40000gp/T//ccMoMroH.debug.temp.o
 .comment       0x0000000000000000       0x33 /var/folders/ph/rd4h23bd74b37mz4j8ddl6l40000gp/T//cckLfKoL.debug.temp.o

Memory Configuration

Name             Origin             Length             Attributes
FLASH            0x0000000000000000 0x000000000003c000 xr
RAM              0x0000000020000000 0x0000000000003000 xrw
*default*        0x0000000000000000 0xffffffffffffffff

Linker script and memory map

LOAD /var/folders/ph/rd4h23bd74b37mz4j8ddl6l40000gp/T//ccDFdbIA.o
LOAD /var/folders/ph/rd4h23bd74b37mz4j8ddl6l40000gp/T//ccQDrg5f.ltrans0.ltrans.o
LOAD /var/folders/ph/rd4h23bd74b37mz4j8ddl6l40000gp/T//ccMoMroH.debug.temp.o
LOAD /var/folders/ph/rd4h23bd74b37mz4j8ddl6l40000gp/T//cckLfKoL.debug.temp.o
LOAD /var/folders/ph/rd4h23bd74b37mz4j8ddl6l40000gp/T//ccWzVqJ4.o
LOAD /Users/deqinguser/Library/Arduino15/packages/WCH/tools/riscv-none-embed-gcc/ide_2.2.0_trimmed/bin/../lib/gcc/riscv-wch-elf/12.2.0/libgcc.a

.init           0x0000000000000000       0x90
                0x0000000000000000                _sinit = .
                0x0000000000000000                . = ALIGN (0x4)
 *(SORT_NONE(.init))
 .init          0x0000000000000000       0x90 /var/folders/ph/rd4h23bd74b37mz4j8ddl6l40000gp/T//ccQDrg5f.ltrans0.ltrans.o
                0x0000000000000000                InterruptVectorDefault
                0x0000000000000000                InterruptVector
                0x0000000000000090                . = ALIGN (0x4)
                0x0000000000000090                _einit = .

.highcodelalign
                0x0000000000000090        0x0
                0x0000000000000090                . = ALIGN (0x4)
                0x0000000000000090                PROVIDE (_highcode_lma = .)

.highcode       0x0000000020000000        0x0 load address 0x0000000000000090
                0x0000000020000000                . = ALIGN (0x4)
                0x0000000020000000                PROVIDE (_highcode_vma_start = .)
 *(.highcode*)
                0x0000000020000000                . = ALIGN (0x4)
                0x0000000020000000                PROVIDE (_highcode_vma_end = .)

.text           0x0000000000000090      0x160
                0x0000000000000090                . = ALIGN (0x4)
 *(.text)
 *(.text.*)
 .text.startup.main
                0x0000000000000090       0xc0 /var/folders/ph/rd4h23bd74b37mz4j8ddl6l40000gp/T//ccQDrg5f.ltrans0.ltrans.o
                0x0000000000000090                main
 .text.handle_reset
                0x0000000000000150       0x9e /var/folders/ph/rd4h23bd74b37mz4j8ddl6l40000gp/T//ccQDrg5f.ltrans0.ltrans.o
                0x0000000000000150                handle_reset
 .text.vector_handler
                0x00000000000001ee        0x2 /var/folders/ph/rd4h23bd74b37mz4j8ddl6l40000gp/T//ccQDrg5f.ltrans0.ltrans.o
                0x00000000000001ee                DMA2_Channel3_IRQHandler
                0x00000000000001ee                TIM8_TRG_COM_IRQHandler
                0x00000000000001ee                TIM8_CC_IRQHandler
                0x00000000000001ee                USART_WKUP_IRQHandler
                0x00000000000001ee                UART8_IRQHandler
                0x00000000000001ee                SPI4_IRQHandler
                0x00000000000001ee                NFC_IRQHandler
                0x00000000000001ee                DFSDM0_IRQHandler
                0x00000000000001ee                TIM1_CC_IRQHandler
                0x00000000000001ee                HardFault_Handler
                0x00000000000001ee                TIM10_IRQHandler
                0x00000000000001ee                GPIOB_IRQHandler
                0x00000000000001ee                IPC_CH2_Handler
                0x00000000000001ee                USBPD_IRQHandler
                0x00000000000001ee                TIM6_IRQHandler
                0x00000000000001ee                GPIOA_IRQHandler
                0x00000000000001ee                SysTick_Handler
                0x00000000000001ee                CAN3_RX1_IRQHandler
                0x00000000000001ee                I3C_ER_IRQHandler
                0x00000000000001ee                PVD_IRQHandler
                0x00000000000001ee                SDIO_IRQHandler
                0x00000000000001ee                TIM9_BRK_IRQHandler
                0x00000000000001ee                DMA2_Channel8_IRQHandler
                0x00000000000001ee                NMI_Handler
                0x00000000000001ee                CAN2_RX1_IRQHandler
                0x00000000000001ee                EXTI3_IRQHandler
                0x00000000000001ee                HSEM_Handler
                0x00000000000001ee                UART1_IRQHandler
                0x00000000000001ee                USBHS_IRQHandler
                0x00000000000001ee                LPTIM2_IRQHandler
                0x00000000000001ee                DMA2_Channel9_IRQHandler
                0x00000000000001ee                TIM10_CC_IRQHandler
                0x00000000000001ee                EXTI25_16_IRQHandler
                0x00000000000001ee                I2C3_ER_IRQHandler
                0x00000000000001ee                USBFS_IRQHandler
                0x00000000000001ee                UART0_IRQHandler
                0x00000000000001ee                USART8_IRQHandler
                0x00000000000001ee                EXTI0_IRQHandler
                0x00000000000001ee                I2C2_EV_IRQHandler
                0x00000000000001ee                TIM10_TRG_COM_IRQHandler
                0x00000000000001ee                LPTIM_IRQHandler
                0x00000000000001ee                CAN1_RX0_IRQHandler
                0x00000000000001ee                CAN3_SCE_IRQHandler
                0x00000000000001ee                CAN2_SCE_IRQHandler
                0x00000000000001ee                ADC1_2_IRQHandler
                0x00000000000001ee                BB_IRQHandler
                0x00000000000001ee                Break_Point_Handler
                0x00000000000001ee                IPC_CH0_Handler
                0x00000000000001ee                TIM2_CC_IRQHandler
                0x00000000000001ee                SPI1_IRQHandler
                0x00000000000001ee                USART5_IRQHandler
                0x00000000000001ee                TAMPER_IRQHandler
                0x00000000000001ee                TMR0_IRQHandler
                0x00000000000001ee                AWU_IRQHandler
                0x00000000000001ee                EXTI7_0_IRQHandler
                0x00000000000001ee                CAN2_RX0_IRQHandler
                0x00000000000001ee                OSCWakeUp_IRQHandler
                0x00000000000001ee                TIM8_UP_IRQHandler
                0x00000000000001ee                Ecall_M_Mode_Handler
                0x00000000000001ee                ECDC_IRQHandler
                0x00000000000001ee                SDMMC_IRQHandler
                0x00000000000001ee                USART7_IRQHandler
                0x00000000000001ee                DMA2_Channel2_IRQHandler
                0x00000000000001ee                DMA1_Channel4_IRQHandler
                0x00000000000001ee                ADC1_IRQHandler
                0x00000000000001ee                TIM2_BRK_IRQHandler
                0x00000000000001ee                USART6_IRQHandler
                0x00000000000001ee                CAN3_RX0_IRQHandler
                0x00000000000001ee                HSADC_IRQHandler
                0x00000000000001ee                TIM9_UP_IRQHandler
                0x00000000000001ee                USART3_IRQHandler
                0x00000000000001ee                RTC_IRQHandler
                0x00000000000001ee                DMA1_Channel7_IRQHandler
                0x00000000000001ee                LED_IRQHandler
                0x00000000000001ee                CAN1_RX1_IRQHandler
                0x00000000000001ee                DVP_IRQHandler
                0x00000000000001ee                UART5_IRQHandler
                0x00000000000001ee                USBSS_IRQHandler
                0x00000000000001ee                SWPMI_IRQHandler
                0x00000000000001ee                USBPDWakeUp_IRQHandler
                0x00000000000001ee                EXTI15_8_IRQHandler
                0x00000000000001ee                TIM4_IRQHandler
                0x00000000000001ee                DMA2_Channel1_IRQHandler
                0x00000000000001ee                SWPMI_WKUP_IRQHandler
                0x00000000000001ee                USBPD_WKUP_IRQHandler
                0x00000000000001ee                I2C1_EV_IRQHandler
                0x00000000000001ee                USBSSWakeup_IRQHandler
                0x00000000000001ee                UART2_IRQHandler
                0x00000000000001ee                USART4_IRQHandler
                0x00000000000001ee                PWMX_IRQHandler
                0x00000000000001ee                DMA1_Channel6_IRQHandler
                0x00000000000001ee                UART4_IRQHandler
                0x00000000000001ee                DMA2_Channel4_IRQHandler
                0x00000000000001ee                TIM3_IRQHandler
                0x00000000000001ee                RCC_IRQHandler
                0x00000000000001ee                TIM1_TRG_COM_IRQHandler
                0x00000000000001ee                DMA1_Channel1_IRQHandler
                0x00000000000001ee                DMA2_Channel7_IRQHandler
                0x00000000000001ee                QSPI1_IRQHandler
                0x00000000000001ee                EXTI15_10_IRQHandler
                0x00000000000001ee                ADC_IRQHandler
                0x00000000000001ee                IPC_CH3_Handler
                0x00000000000001ee                DMA1_Channel8_IRQHandler
                0x00000000000001ee                I3C_EV_IRQHandler
                0x00000000000001ee                TMR2_IRQHandler
                0x00000000000001ee                I3C_WKUP_IRQHandler
                0x00000000000001ee                DefaultIRQHandler
                0x00000000000001ee                TIM12_IRQHandler
                0x00000000000001ee                TIM7_IRQHandler
                0x00000000000001ee                CAN2_TX_IRQHandler
                0x00000000000001ee                TIM5_IRQHandler
                0x00000000000001ee                I2C3_EV_IRQHandler
                0x00000000000001ee                USB_IRQHandler
                0x00000000000001ee                EXTI9_5_IRQHandler
                0x00000000000001ee                PIOC_IRQHandler
                0x00000000000001ee                TIM9_IRQHandler
                0x00000000000001ee                LTDC_IRQHandler
                0x00000000000001ee                SAI_IRQHandler
                0x00000000000001ee                SPI2_IRQHandler
                0x00000000000001ee                OSC32KCal_IRQHandler
                0x00000000000001ee                IPC_CH1_Handler
                0x00000000000001ee                I2C_IRQHandler
                0x00000000000001ee                LPTIM1_WKUP_IRQHandler
                0x00000000000001ee                TIM10_BRK_IRQHandler
                0x00000000000001ee                TIM9_CC_IRQHandler
                0x00000000000001ee                CAN1_TX_IRQHandler
                0x00000000000001ee                DMA2_Channel5_IRQHandler
                0x00000000000001ee                USB2_IRQHandler
                0x00000000000001ee                USBHSWakeUp_IRQHandler
                0x00000000000001ee                DMA1_Channel5_IRQHandler
                0x00000000000001ee                EXTI4_IRQHandler
                0x00000000000001ee                USB_LP_CAN1_RX0_IRQHandler
                0x00000000000001ee                QSPI2_IRQHandler
                0x00000000000001ee                RNG_IRQHandler
                0x00000000000001ee                USB_HP_CAN1_TX_IRQHandler
                0x00000000000001ee                LLE_IRQHandler
                0x00000000000001ee                CMPWakeUp_IRQHandler
                0x00000000000001ee                DMA1_Channel3_IRQHandler
                0x00000000000001ee                FSMC_IRQHandler
                0x00000000000001ee                ETH_IRQHandler
                0x00000000000001ee                TIM1_UP_IRQHandler
                0x00000000000001ee                LPTIMWakeUp_IRQHandler
                0x00000000000001ee                WWDG_IRQHandler
                0x00000000000001ee                USBHSWakeup_IRQHandler
                0x00000000000001ee                DMA2_Channel11_IRQHandler
                0x00000000000001ee                WDOG_BAT_IRQHandler
                0x00000000000001ee                Ecall_U_Mode_Handler
                0x00000000000001ee                I2C4_EV_IRQHandler
                0x00000000000001ee                CAN3_TX_IRQHandler
                0x00000000000001ee                TMR3_IRQHandler
                0x00000000000001ee                DMA2_Channel6_IRQHandler
                0x00000000000001ee                TIM2_IRQHandler
                0x00000000000001ee                SW_Handler
                0x00000000000001ee                TIM1_BRK_IRQHandler
                0x00000000000001ee                GPHA_IRQHandler
                0x00000000000001ee                OPA_IRQHandler
                0x00000000000001ee                DMA2_Channel10_IRQHandler
                0x00000000000001ee                EXTI1_IRQHandler
                0x00000000000001ee                SPI0_IRQHandler
                0x00000000000001ee                USB2_HOST_IRQHandler
                0x00000000000001ee                LPTIM2_WKUP_IRQHandler
                0x00000000000001ee                RTCAlarm_IRQHandler
                0x00000000000001ee                TIM11_IRQHandler
                0x00000000000001ee                TIM10_UP_IRQHandler
                0x00000000000001ee                TIM9_TRG_COM_IRQHandler
                0x00000000000001ee                UART7_IRQHandler
                0x00000000000001ee                USART2_IRQHandler
                0x00000000000001ee                UART6_IRQHandler
                0x00000000000001ee                UHSIF_IRQHandler
                0x00000000000001ee                ETHWakeUp_IRQHandler
                0x00000000000001ee                I2C2_ER_IRQHandler
                0x00000000000001ee                DMA1_Channel2_IRQHandler
                0x00000000000001ee                TIM8_BRK_IRQHandler
                0x00000000000001ee                TIM2_TRG_IRQHandler
                0x00000000000001ee                CAN1_SCE_IRQHandler
                0x00000000000001ee                FLASH_IRQHandler
                0x00000000000001ee                USBFSWakeUp_IRQHandler
                0x00000000000001ee                USART1_IRQHandler
                0x00000000000001ee                OTG_FS_IRQHandler
                0x00000000000001ee                SPI3_IRQHandler
                0x00000000000001ee                USBFS_WakeUp_IRQHandler
                0x00000000000001ee                UART3_IRQHandler
                0x00000000000001ee                I2C1_ER_IRQHandler
                0x00000000000001ee                FMC_IRQHandler
                0x00000000000001ee                USB2_DEVICE_IRQHandler
                0x00000000000001ee                LPTIM1_IRQHandler
                0x00000000000001ee                DFSDM1_IRQHandler
                0x00000000000001ee                TMR1_IRQHandler
                0x00000000000001ee                I2C4_ER_IRQHandler
                0x00000000000001ee                SERDES_IRQHandler
                0x00000000000001ee                USBSS_LINK_IRQHandler
                0x00000000000001ee                USBWakeUp_IRQHandler
                0x00000000000001ee                EXTI2_IRQHandler
 *(.rodata)
 *(.rodata*)
 *(.gnu.linkonce.t.*)
                0x00000000000001f0                . = ALIGN (0x4)

.rela.dyn       0x00000000000001f0        0x0
 .rela.text.handle_reset
                0x00000000000001f0        0x0 /var/folders/ph/rd4h23bd74b37mz4j8ddl6l40000gp/T//ccQDrg5f.ltrans0.ltrans.o

.fini           0x00000000000001f0        0x0
 *(SORT_NONE(.fini))
                0x00000000000001f0                . = ALIGN (0x4)
                [!provide]                        PROVIDE (_etext = .)
                [!provide]                        PROVIDE (_eitcm = .)

.preinit_array  0x00000000000001f0        0x0
                [!provide]                        PROVIDE (__preinit_array_start = .)
 *(.preinit_array)
                [!provide]                        PROVIDE (__preinit_array_end = .)

.init_array     0x00000000000001f0        0x0
                0x00000000000001f0                PROVIDE (__init_array_start = .)
 *(SORT_BY_INIT_PRIORITY(.init_array.*) SORT_BY_INIT_PRIORITY(.ctors.*))
 *(.init_array EXCLUDE_FILE(*crtend?.o *crtend.o *crtbegin?.o *crtbegin.o) .ctors)
                0x00000000000001f0                PROVIDE (__init_array_end = .)

.fini_array     0x00000000000001f0        0x0
                [!provide]                        PROVIDE (__fini_array_start = .)
 *(SORT_BY_INIT_PRIORITY(.fini_array.*) SORT_BY_INIT_PRIORITY(.dtors.*))
 *(.fini_array EXCLUDE_FILE(*crtend?.o *crtend.o *crtbegin?.o *crtbegin.o) .dtors)
                [!provide]                        PROVIDE (__fini_array_end = .)

.ctors
 *crtbegin.o(.ctors)
 *crtbegin?.o(.ctors)
 *(EXCLUDE_FILE(*crtend?.o *crtend.o) .ctors)
 *(SORT_BY_NAME(.ctors.*))
 *(.ctors)

.dtors
 *crtbegin.o(.dtors)
 *crtbegin?.o(.dtors)
 *(EXCLUDE_FILE(*crtend?.o *crtend.o) .dtors)
 *(SORT_BY_NAME(.dtors.*))
 *(.dtors)

.dalign         0x0000000020000000        0x0 load address 0x00000000000001f0
                0x0000000020000000                . = ALIGN (0x4)
                0x0000000020000000                PROVIDE (_data_vma = .)

.dlalign        0x00000000000001f0        0x0
                0x00000000000001f0                . = ALIGN (0x4)
                0x00000000000001f0                PROVIDE (_data_lma = .)

.data           0x0000000020000000        0x0 load address 0x00000000000001f0
                0x0000000020000000                . = ALIGN (0x4)
                0x00000000200003fc                __global_pointer$ = (. + 0x3fc)
 *(.gnu.linkonce.r.*)
 *(.data .data.*)
 *(.gnu.linkonce.d.*)
                0x0000000020000000                . = ALIGN (0x8)
 *(.sdata .sdata.*)
 *(.sdata2*)
 *(.gnu.linkonce.s.*)
                0x0000000020000000                . = ALIGN (0x8)
 *(.srodata.cst16)
 *(.srodata.cst8)
 *(.srodata.cst4)
 *(.srodata.cst2)
 *(.srodata .srodata.*)
                0x0000000020000000                . = ALIGN (0x4)
                0x0000000020000000                PROVIDE (_edata = .)

.bss            0x0000000020000000        0x0 load address 0x00000000000001f0
                0x0000000020000000                . = ALIGN (0x4)
                0x0000000020000000                PROVIDE (_sbss = .)
 *(.sbss*)
 *(.gnu.linkonce.sb.*)
 *(.bss*)
 *(.gnu.linkonce.b.*)
 *(COMMON*)
                0x0000000020000000                . = ALIGN (0x4)
                0x0000000020000000                PROVIDE (_ebss = .)
                [!provide]                        PROVIDE (_end = _ebss)
                [!provide]                        PROVIDE (end = .)
                0x0000000020003000                PROVIDE (_eusrstack = (ORIGIN (RAM) + LENGTH (RAM)))

/DISCARD/
 *(.note .note.*)
 *(.eh_frame .eh_frame.*)
 *(.comment .comment.*)
 *(.ARM.extab* .gnu.linkonce.armextab.*)
 *(.ARM.exidx*)
OUTPUT(boot_button.elf elf32-littleriscv)

.riscv.attributes
                0x0000000000000000       0x34
 .riscv.attributes
                0x0000000000000000       0x34 /var/folders/ph/rd4h23bd74b37mz4j8ddl6l40000gp/T//ccQDrg5f.ltrans0.ltrans.o

.debug_info     0x0000000000000000     0x1ecf
 .debug_info    0x0000000000000000      0xe8d /var/folders/ph/rd4h23bd74b37mz4j8ddl6l40000gp/T//ccQDrg5f.ltrans0.ltrans.o
 .debug_info    0x0000000000000e8d      0xebb /var/folders/ph/rd4h23bd74b37mz4j8ddl6l40000gp/T//ccMoMroH.debug.temp.o
                0x0000000000000e8d                ch32fun.c.be652bbc
 .debug_info    0x0000000000001d48      0x187 /var/folders/ph/rd4h23bd74b37mz4j8ddl6l40000gp/T//cckLfKoL.debug.temp.o
                0x0000000000001d48                boot_button.c.33c9074a

.debug_abbrev   0x0000000000000000      0x55b
 .debug_abbrev  0x0000000000000000      0x19f /var/folders/ph/rd4h23bd74b37mz4j8ddl6l40000gp/T//ccQDrg5f.ltrans0.ltrans.o
 .debug_abbrev  0x000000000000019f      0x2c3 /var/folders/ph/rd4h23bd74b37mz4j8ddl6l40000gp/T//ccMoMroH.debug.temp.o
 .debug_abbrev  0x0000000000000462       0xf9 /var/folders/ph/rd4h23bd74b37mz4j8ddl6l40000gp/T//cckLfKoL.debug.temp.o

.debug_loclists
                0x0000000000000000     0x1be7
 .debug_loclists
                0x0000000000000000     0x1be7 /var/folders/ph/rd4h23bd74b37mz4j8ddl6l40000gp/T//ccQDrg5f.ltrans0.ltrans.o

.debug_aranges  0x0000000000000000      0x138
 .debug_aranges
                0x0000000000000000      0x138 /var/folders/ph/rd4h23bd74b37mz4j8ddl6l40000gp/T//ccQDrg5f.ltrans0.ltrans.o

.debug_rnglists
                0x0000000000000000      0x2e6
 .debug_rnglists
                0x0000000000000000      0x2e6 /var/folders/ph/rd4h23bd74b37mz4j8ddl6l40000gp/T//ccQDrg5f.ltrans0.ltrans.o

.debug_line     0x0000000000000000     0x22ac
 .debug_line    0x0000000000000000     0x21e5 /var/folders/ph/rd4h23bd74b37mz4j8ddl6l40000gp/T//ccQDrg5f.ltrans0.ltrans.o
 .debug_line    0x00000000000021e5       0x76 /var/folders/ph/rd4h23bd74b37mz4j8ddl6l40000gp/T//ccMoMroH.debug.temp.o
 .debug_line    0x000000000000225b       0x51 /var/folders/ph/rd4h23bd74b37mz4j8ddl6l40000gp/T//cckLfKoL.debug.temp.o

.debug_str      0x0000000000000000      0x7f7
 .debug_str     0x0000000000000000      0x142 /var/folders/ph/rd4h23bd74b37mz4j8ddl6l40000gp/T//ccQDrg5f.ltrans0.ltrans.o
                                        0x15d (size before relaxing)
 .debug_str     0x0000000000000142      0x68a /var/folders/ph/rd4h23bd74b37mz4j8ddl6l40000gp/T//ccMoMroH.debug.temp.o
                                        0x73d (size before relaxing)
 .debug_str     0x00000000000007cc       0x2b /var/folders/ph/rd4h23bd74b37mz4j8ddl6l40000gp/T//cckLfKoL.debug.temp.o
                                        0x1c6 (size before relaxing)

.debug_line_str
                0x0000000000000000      0x2ed
 .debug_line_str
                0x0000000000000000      0x105 /var/folders/ph/rd4h23bd74b37mz4j8ddl6l40000gp/T//ccQDrg5f.ltrans0.ltrans.o
                                        0x170 (size before relaxing)
 .debug_line_str
                0x0000000000000105      0x1e8 /var/folders/ph/rd4h23bd74b37mz4j8ddl6l40000gp/T//ccMoMroH.debug.temp.o
                                        0x2d1 (size before relaxing)
 .debug_line_str
                0x00000000000002ed      0x189 /var/folders/ph/rd4h23bd74b37mz4j8ddl6l40000gp/T//cckLfKoL.debug.temp.o

.debug_frame    0x0000000000000000      0x3b0
 .debug_frame   0x0000000000000000      0x3b0 /var/folders/ph/rd4h23bd74b37mz4j8ddl6l40000gp/T//ccQDrg5f.ltrans0.ltrans.o
